openalgo
  --csv (bool)
  --debug (bool)
  --help-all (bool)
  --jq (string)
  --profile (string)
  --quiet (bool)
  --schema (bool)
  --timeout (int, default=30)
  --trace (bool)
  --verbose (bool)
  --version (bool)
openalgo account funds
openalgo account holdings
openalgo account margin
  --positions (string)
openalgo analyzer pnl
openalgo analyzer status
openalgo analyzer toggle
  --mode (bool)
  --dry-run (bool)
openalgo api
  --body (string)
  --query (string)
openalgo chart get
openalgo chart set
  --preferences (string)
  --dry-run (bool)
openalgo data depth
  --exchange (string)
  --symbol (string)
openalgo data history
  --end-date (string)
  --exchange (string)
  --interval (string)
  --start-date (string)
  --symbol (string)
  --source (string)
openalgo data intervals
openalgo data quote
  --exchange (string)
  --symbol (string)
openalgo data quotes
  --symbols (string)
openalgo data ticker
  --from (string)
  --symbol (string)
  --to (string)
  --format (string)
  --interval (string)
openalgo doctor
openalgo gtt cancel
  --strategy (string, default=openalgo-cli)
  --trigger-id (string)
  --dry-run (bool)
openalgo gtt list
  --status (string)
openalgo gtt modify
  --action (string)
  --exchange (string)
  --price (string)
  --product (string)
  --quantity (string)
  --strategy (string, default=openalgo-cli)
  --symbol (string)
  --trigger-id (string)
  --trigger-type (string)
  --pricetype (string)
  --stoploss (string)
  --target (string)
  --triggerprice-sl (string)
  --triggerprice-tg (string)
  --dry-run (bool)
openalgo gtt place
  --action (string)
  --exchange (string)
  --price (string)
  --product (string)
  --quantity (string)
  --strategy (string, default=openalgo-cli)
  --symbol (string)
  --trigger-type (string)
  --expires-at (string)
  --pricetype (string)
  --stoploss (string)
  --target (string)
  --triggerprice-sl (string)
  --triggerprice-tg (string)
  --dry-run (bool)
openalgo market holidays
  --year (int)
openalgo market timings
  --date (string)
openalgo option chain
  --exchange (string)
  --expiry-date (string)
  --underlying (string)
  --interest-rate (string)
  --strike-count (int)
  --with-greeks (bool)
openalgo option greeks
  --exchange (string)
  --symbol (string)
  --expiry-time (string)
  --forward-price (string)
  --interest-rate (string)
  --underlying-exchange (string)
  --underlying-symbol (string)
openalgo option multi-greeks
  --symbols (string)
  --expiry-time (string)
  --interest-rate (string)
openalgo option multi-order
  --exchange (string)
  --legs (string)
  --strategy (string, default=openalgo-cli)
  --underlying (string)
  --expiry-date (string)
  --strike-int (int)
  --dry-run (bool)
openalgo option order
  --action (string)
  --exchange (string)
  --offset (string)
  --option-type (string)
  --quantity (int)
  --strategy (string, default=openalgo-cli)
  --underlying (string)
  --disclosed-quantity (int)
  --expiry-date (string)
  --price (string)
  --pricetype (string)
  --product (string)
  --splitsize (int)
  --strike-int (int)
  --trigger-price (string)
  --dry-run (bool)
openalgo option symbol
  --exchange (string)
  --offset (string)
  --option-type (string)
  --underlying (string)
  --expiry-date (string)
  --strike-int (int)
openalgo option synthetic-future
  --exchange (string)
  --expiry-date (string)
  --underlying (string)
openalgo order basket
  --orders (string)
  --strategy (string, default=openalgo-cli)
  --dry-run (bool)
openalgo order cancel
  --orderid (string)
  --strategy (string, default=openalgo-cli)
  --dry-run (bool)
openalgo order cancel-all
  --strategy (string, default=openalgo-cli)
  --dry-run (bool)
openalgo order list
openalgo order modify
  --action (string)
  --disclosed-quantity (int)
  --exchange (string)
  --orderid (string)
  --price (string)
  --pricetype (string)
  --product (string)
  --quantity (string)
  --strategy (string, default=openalgo-cli)
  --symbol (string)
  --trigger-price (string)
  --dry-run (bool)
openalgo order place
  --action (string)
  --exchange (string)
  --quantity (string)
  --strategy (string, default=openalgo-cli)
  --symbol (string)
  --disclosed-quantity (int)
  --price (string)
  --pricetype (string)
  --product (string)
  --trigger-price (string)
  --dry-run (bool)
openalgo order smart
  --action (string)
  --exchange (string)
  --position-size (string)
  --quantity (string)
  --strategy (string, default=openalgo-cli)
  --symbol (string)
  --disclosed-quantity (int)
  --price (string)
  --pricetype (string)
  --product (string)
  --trigger-price (string)
  --dry-run (bool)
openalgo order split
  --action (string)
  --exchange (string)
  --quantity (string)
  --splitsize (int)
  --strategy (string, default=openalgo-cli)
  --symbol (string)
  --disclosed-quantity (int)
  --price (string)
  --pricetype (string)
  --product (string)
  --trigger-price (string)
  --dry-run (bool)
openalgo order status
  --orderid (string)
  --strategy (string, default=openalgo-cli)
openalgo order trades
openalgo ping
openalgo position close-all
  --strategy (string, default=openalgo-cli)
  --dry-run (bool)
openalgo position get
  --exchange (string)
  --product (string)
  --strategy (string, default=openalgo-cli)
  --symbol (string)
openalgo position list
openalgo profile list
openalgo profile login
  --host (string)
  --key (string)
  --name (string)
  --no-validate (bool)
  --ws-url (string)
openalgo profile logout
openalgo profile switch
openalgo strategy close-all
  --strategy-id (int)
  --dry-run (bool)
openalgo strategy close-leg
  --leg-id (int)
  --strategy-id (int)
  --dry-run (bool)
openalgo strategy events
  --strategy-id (int)
  --kind (string)
  --limit (int)
  --run-id (int)
  --severity (string)
openalgo strategy list
  --query (string)
  --status (string)
openalgo strategy orders
  --strategy-id (int)
  --run-id (int)
openalgo strategy runs
  --strategy-id (int)
  --limit (int)
openalgo strategy start
  --mode (string)
  --strategy-id (int)
  --dry-run (bool)
openalgo strategy status
  --strategy-id (int)
openalgo strategy stop
  --strategy-id (int)
  --dry-run (bool)
openalgo stream depth
  --count (int)
  --depth (int, default=5)
  --duration (duration, default=0s)
  --exchange (string)
  --raw (bool)
  --symbol (string)
  --symbols (string)
openalgo stream ltp
  --count (int)
  --duration (duration, default=0s)
  --exchange (string)
  --raw (bool)
  --symbol (string)
  --symbols (string)
openalgo stream orders
  --count (int)
  --duration (duration, default=0s)
  --raw (bool)
openalgo stream quote
  --count (int)
  --duration (duration, default=0s)
  --exchange (string)
  --raw (bool)
  --symbol (string)
  --symbols (string)
openalgo symbol expiry
  --exchange (string)
  --instrumenttype (string)
  --symbol (string)
openalgo symbol get
  --exchange (string)
  --symbol (string)
openalgo symbol instruments
  --exchange (string)
  --format (string)
openalgo symbol search
  --query (string)
  --exchange (string)
openalgo telegram broadcast
  --message (string)
  --filters (string)
  --dry-run (bool)
openalgo telegram config get
openalgo telegram config set
  --broadcast-enabled (bool)
  --polling-mode (bool)
  --rate-limit-per-minute (int)
  --token (string)
  --webhook-url (string)
  --dry-run (bool)
openalgo telegram notify
  --message (string)
  --username (string)
  --priority (int)
  --wait-for-delivery (bool)
  --dry-run (bool)
openalgo telegram preferences get
  --telegram-id (int)
openalgo telegram preferences set
  --telegram-id (int)
  --daily-summary (bool)
  --language (string)
  --order-notifications (bool)
  --pnl-notifications (bool)
  --summary-time (string)
  --timezone (string)
  --trade-notifications (bool)
  --dry-run (bool)
openalgo telegram start
  --dry-run (bool)
openalgo telegram stats
  --days (int)
openalgo telegram stop
  --dry-run (bool)
openalgo telegram users
  --broker (string)
  --notifications-enabled (string)
openalgo update
  --check (bool)
  --yes (bool)
openalgo version
openalgo whatsapp notify
  --caption (string)
  --document-path (string)
  --filename (string)
  --image-path (string)
  --message (string)
  --phone (string)
  --phones (string)
  --self (bool)
  --username (string)
  --wait-for-delivery (bool)
  --dry-run (bool)
